pi@raspberrypi ~ $ git clone https://github.com/pachchu/RPi
Cloning into 'RPi'...
remote: Counting objects: 9, done.
remote: Compressing objects: 100% (5/5), done.
remote: Total 9 (delta 0), reused 0 (delta 0), pack-reused 0
Unpacking objects: 100% (9/9), done.
pi@raspberrypi ~ $ ls RPi
README.md  sensors.c
pi@raspberrypi ~ $ cd RPi
pi@raspberrypi ~/RPi $ git remote -v
origin	https://github.com/pachchu/RPi (fetch)
origin	https://github.com/pachchu/RPi (push)
pi@raspberrypi ~/RPi $ git remote add upstream 
usage: git remote add [<options>] <name> <url>

    -f, --fetch           fetch the remote branches
    --tags                import all tags and associated objects when fetching
                          or do not fetch any tag at all (--no-tags)
    -t, --track <branch>  branch(es) to track
    -m, --master <branch>
                          master branch
    --mirror[=<push|fetch>]
                          set up remote as a mirror to push to or fetch from

pi@raspberrypi ~/RPi $ git remote add upstream https://github.com/pachchu/RPi.git
pi@raspberrypi ~/RPi $ git remote -v
origin	https://github.com/pachchu/RPi (fetch)
origin	https://github.com/pachchu/RPi (push)
upstream	https://github.com/pachchu/RPi.git (fetch)
upstream	https://github.com/pachchu/RPi.git (push)
pi@raspberrypi ~/RPi $ git fetch upstream
From https://github.com/pachchu/RPi
 * [new branch]      master     -> upstream/master
pi@raspberrypi ~/RPi $ 
pi@raspberrypi ~/RPi $ ls
README.md  sensors.c
pi@raspberrypi ~/RPi $ git fetch upstream
remote: Counting objects: 3, done.
remote: Compressing objects: 100% (2/2), done.
remote: Total 3 (delta 0), reused 0 (delta 0), pack-reused 0
Unpacking objects: 100% (3/3), done.
From https://github.com/pachchu/RPi
   8722fec..6cd2bab  master     -> upstream/master
pi@raspberrypi ~/RPi $ ls  -ltr
total 12
-rw-r--r-- 1 pi pi 5099 Jun 10 14:44 sensors.c
-rw-r--r-- 1 pi pi   32 Jun 10 14:44 README.md
pi@raspberrypi ~/RPi $ date
Wed Jun 10 14:49:13 IST 2015
pi@raspberrypi ~/RPi $ git remote -v
origin	https://github.com/pachchu/RPi (fetch)
origin	https://github.com/pachchu/RPi (push)
upstream	https://github.com/pachchu/RPi.git (fetch)
upstream	https://github.com/pachchu/RPi.git (push)
pi@raspberrypi ~/RPi $ git checkout master
Already on 'master'
pi@raspberrypi ~/RPi $ git merge upstream/master
Updating 8722fec..6cd2bab
Fast-forward
 README.md |    2 +-
 1 file changed, 1 insertion(+), 1 deletion(-)
pi@raspberrypi ~/RPi $ ls -tr
sensors.c  README.md
pi@raspberrypi ~/RPi $ ls -ltr
total 12
-rw-r--r-- 1 pi pi 5099 Jun 10 14:44 sensors.c
-rw-r--r-- 1 pi pi   41 Jun 10 14:50 README.md
pi@raspberrypi ~/RPi $ vi README.md
pi@raspberrypi ~/RPi $ git merge upstream/master
Already up-to-date.
pi@raspberrypi ~/RPi $ git commit

*** Please tell me who you are.

Run

  git config --global user.email "you@example.com"
  git config --global user.name "Your Name"

to set your account's default identity.
Omit --global to set the identity only in this repository.

fatal: empty ident  <pi@raspberrypi.(none)> not allowed
pi@raspberrypi ~/RPi $ git config --global user.email "pachchu@gmail.com"
pi@raspberrypi ~/RPi $ git config --global user.name "Prasad Rao"
pi@raspberrypi ~/RPi $ git commit
# On branch master
# Your branch is ahead of 'origin/master' by 1 commit.
#
# Changes not staged for commit:
#   (use "git add <file>..." to update what will be committed)
#   (use "git checkout -- <file>..." to discard changes in working directory)
#
#	modified:   README.md
#
no changes added to commit (use "git add" and/or "git commit -a")
pi@raspberrypi ~/RPi $ git add README.md
pi@raspberrypi ~/RPi $ git commit
[master d862db6] Edit from RPi shell.
 1 file changed, 1 insertion(+), 1 deletion(-)
pi@raspberrypi ~/RPi $ 
pi@raspberrypi ~/RPi $ 
pi@raspberrypi ~/RPi $ ls -ltr
total 12
-rw-r--r-- 1 pi pi 5099 Jun 10 14:44 sensors.c
-rw-r--r-- 1 pi pi   64 Jun 10 14:50 README.md
pi@raspberrypi ~/RPi $ git merge upstream/master
Already up-to-date.
pi@raspberrypi ~/RPi $ git remote -v
origin	https://github.com/pachchu/RPi (fetch)
origin	https://github.com/pachchu/RPi (push)
upstream	https://github.com/pachchu/RPi.git (fetch)
upstream	https://github.com/pachchu/RPi.git (push)
pi@raspberrypi ~/RPi $ git push origin master
Username for 'https://github.com': pachchu@gmail.com
Password for 'https://pachchu@gmail.com@github.com': 
fatal: Authentication failed
pi@raspberrypi ~/RPi $ git push origin master
Username for 'https://github.com': pachchu@gmail.com	
Password for 'https://pachchu@gmail.com@github.com': 
Counting objects: 5, done.
Delta compression using up to 4 threads.
Compressing objects: 100% (3/3), done.
Writing objects: 100% (3/3), 341 bytes, done.
Total 3 (delta 0), reused 0 (delta 0)
To https://github.com/pachchu/RPi
   6cd2bab..d862db6  master -> master
pi@raspberrypi ~/RPi $ 
pi@raspberrypi ~/RPi $ 



// FIRST create file and commit from RPi shell



pi@raspberrypi ~/RPi $ vi git_tutorial.txt
pi@raspberrypi ~/RPi $ git add git_tutorial.txt
pi@raspberrypi ~/RPi $ git commit
[master bd38c6f] added GIT instructions.
 1 file changed, 130 insertions(+)
 create mode 100644 git_tutorial.txt
pi@raspberrypi ~/RPi $ git push origin master
Username for 'https://github.com': pachchu@gmail.com
Password for 'https://pachchu@gmail.com@github.com': 
Counting objects: 4, done.
Delta compression using up to 4 threads.
Compressing objects: 100% (3/3), done.
Writing objects: 100% (3/3), 1.58 KiB, done.
Total 3 (delta 0), reused 0 (delta 0)
To https://github.com/pachchu/RPi
   d862db6..bd38c6f  master -> master


